the "0-add_integer" module

>>> add_integer = __import__('0-add_integer').add_integer

>>> add_integer(hola)
Traceback (most recent call last):
  File "<stdin>", line 1, in <module>
NameError: name 'hola' is not defined

>>> add_integer()
Traceback (most recent call last):
  File "<stdin>", line 1, in <module>
TypeError: add_integer() missing 1 required positional argument: 'a'

>>> add_integer(420)
518

>>> add_integer(33,21)
54

add_integer(NaN)
Traceback (most recent call last):
  File "<stdin>", line 1, in <module>
NameError: name 'NaN' is not defined

>>> add_integer(-2, 100)
98

>>> add_integer(-2, hello)
Traceback (most recent call last):
  File "<stdin>", line 1, in <module>
NameError: name 'hello' is not defined. Did you mean: 'help'?

>>> add_integer(hola, hello)
Traceback (most recent call last):
  File "<stdin>", line 1, in <module>
NameError: name 'hola' is not defined

>>> add_integer(0 , 0)
Traceback (most recent call last):
  File "<stdin>", line 1, in <module>
NameError: name 'add_integer' is not defined